mode: set
github.com/JohnBPerkins/chat-service/backend/internal/services/conversation.go:25.129,31.2 1 1
github.com/JohnBPerkins/chat-service/backend/internal/services/conversation.go:33.158,36.16 2 1
github.com/JohnBPerkins/chat-service/backend/internal/services/conversation.go:36.16,38.3 1 1
github.com/JohnBPerkins/chat-service/backend/internal/services/conversation.go:41.2,42.16 2 1
github.com/JohnBPerkins/chat-service/backend/internal/services/conversation.go:42.16,44.3 1 0
github.com/JohnBPerkins/chat-service/backend/internal/services/conversation.go:47.2,48.39 2 1
github.com/JohnBPerkins/chat-service/backend/internal/services/conversation.go:48.39,50.17 2 1
github.com/JohnBPerkins/chat-service/backend/internal/services/conversation.go:50.17,52.4 1 1
github.com/JohnBPerkins/chat-service/backend/internal/services/conversation.go:53.3,53.44 1 1
github.com/JohnBPerkins/chat-service/backend/internal/services/conversation.go:56.2,69.16 5 1
github.com/JohnBPerkins/chat-service/backend/internal/services/conversation.go:69.16,71.3 1 0
github.com/JohnBPerkins/chat-service/backend/internal/services/conversation.go:74.2,83.16 3 1
github.com/JohnBPerkins/chat-service/backend/internal/services/conversation.go:83.16,85.3 1 0
github.com/JohnBPerkins/chat-service/backend/internal/services/conversation.go:88.2,88.46 1 1
github.com/JohnBPerkins/chat-service/backend/internal/services/conversation.go:88.46,89.37 1 1
github.com/JohnBPerkins/chat-service/backend/internal/services/conversation.go:89.37,90.12 1 1
github.com/JohnBPerkins/chat-service/backend/internal/services/conversation.go:93.3,102.17 3 1
github.com/JohnBPerkins/chat-service/backend/internal/services/conversation.go:102.17,104.4 1 0
github.com/JohnBPerkins/chat-service/backend/internal/services/conversation.go:107.2,107.26 1 1
github.com/JohnBPerkins/chat-service/backend/internal/services/conversation.go:110.135,113.16 2 1
github.com/JohnBPerkins/chat-service/backend/internal/services/conversation.go:113.16,115.3 1 1
github.com/JohnBPerkins/chat-service/backend/internal/services/conversation.go:117.2,122.16 4 1
github.com/JohnBPerkins/chat-service/backend/internal/services/conversation.go:122.16,124.3 1 0
github.com/JohnBPerkins/chat-service/backend/internal/services/conversation.go:125.2,128.54 3 1
github.com/JohnBPerkins/chat-service/backend/internal/services/conversation.go:128.54,130.3 1 0
github.com/JohnBPerkins/chat-service/backend/internal/services/conversation.go:132.2,132.28 1 1
github.com/JohnBPerkins/chat-service/backend/internal/services/conversation.go:132.28,134.3 1 1
github.com/JohnBPerkins/chat-service/backend/internal/services/conversation.go:137.2,138.33 2 1
github.com/JohnBPerkins/chat-service/backend/internal/services/conversation.go:138.33,140.3 1 1
github.com/JohnBPerkins/chat-service/backend/internal/services/conversation.go:143.2,148.16 2 1
github.com/JohnBPerkins/chat-service/backend/internal/services/conversation.go:148.16,150.3 1 0
github.com/JohnBPerkins/chat-service/backend/internal/services/conversation.go:151.2,154.67 3 1
github.com/JohnBPerkins/chat-service/backend/internal/services/conversation.go:154.67,156.3 1 0
github.com/JohnBPerkins/chat-service/backend/internal/services/conversation.go:159.2,160.37 2 1
github.com/JohnBPerkins/chat-service/backend/internal/services/conversation.go:160.37,171.17 3 1
github.com/JohnBPerkins/chat-service/backend/internal/services/conversation.go:171.17,173.4 1 0
github.com/JohnBPerkins/chat-service/backend/internal/services/conversation.go:175.3,176.70 2 1
github.com/JohnBPerkins/chat-service/backend/internal/services/conversation.go:176.70,179.4 2 0
github.com/JohnBPerkins/chat-service/backend/internal/services/conversation.go:180.3,184.38 3 1
github.com/JohnBPerkins/chat-service/backend/internal/services/conversation.go:184.38,185.73 1 1
github.com/JohnBPerkins/chat-service/backend/internal/services/conversation.go:185.73,187.5 1 1
github.com/JohnBPerkins/chat-service/backend/internal/services/conversation.go:189.3,189.44 1 1
github.com/JohnBPerkins/chat-service/backend/internal/services/conversation.go:192.2,192.20 1 1
github.com/JohnBPerkins/chat-service/backend/internal/services/conversation.go:196.134,198.55 1 1
github.com/JohnBPerkins/chat-service/backend/internal/services/conversation.go:198.55,200.3 1 0
github.com/JohnBPerkins/chat-service/backend/internal/services/conversation.go:202.2,206.16 3 1
github.com/JohnBPerkins/chat-service/backend/internal/services/conversation.go:206.16,208.3 1 0
github.com/JohnBPerkins/chat-service/backend/internal/services/conversation.go:209.2,212.54 3 1
github.com/JohnBPerkins/chat-service/backend/internal/services/conversation.go:212.54,214.3 1 0
github.com/JohnBPerkins/chat-service/backend/internal/services/conversation.go:217.2,218.33 2 1
github.com/JohnBPerkins/chat-service/backend/internal/services/conversation.go:218.33,219.72 1 1
github.com/JohnBPerkins/chat-service/backend/internal/services/conversation.go:219.72,221.4 1 1
github.com/JohnBPerkins/chat-service/backend/internal/services/conversation.go:224.2,224.19 1 1
github.com/JohnBPerkins/chat-service/backend/internal/services/conversation.go:228.123,230.55 1 1
github.com/JohnBPerkins/chat-service/backend/internal/services/conversation.go:230.55,232.3 1 1
github.com/JohnBPerkins/chat-service/backend/internal/services/conversation.go:235.2,236.16 2 1
github.com/JohnBPerkins/chat-service/backend/internal/services/conversation.go:236.16,238.3 1 0
github.com/JohnBPerkins/chat-service/backend/internal/services/conversation.go:240.2,247.16 5 1
github.com/JohnBPerkins/chat-service/backend/internal/services/conversation.go:247.16,249.3 1 0
github.com/JohnBPerkins/chat-service/backend/internal/services/conversation.go:251.2,251.30 1 1
github.com/JohnBPerkins/chat-service/backend/internal/services/conversation.go:251.30,253.3 1 0
github.com/JohnBPerkins/chat-service/backend/internal/services/conversation.go:256.2,256.19 1 1
github.com/JohnBPerkins/chat-service/backend/internal/services/conversation.go:256.19,265.82 3 0
github.com/JohnBPerkins/chat-service/backend/internal/services/conversation.go:265.82,267.4 1 0
github.com/JohnBPerkins/chat-service/backend/internal/services/conversation.go:270.2,270.12 1 1
github.com/JohnBPerkins/chat-service/backend/internal/services/conversation.go:274.120,276.60 1 1
github.com/JohnBPerkins/chat-service/backend/internal/services/conversation.go:276.60,278.3 1 1
github.com/JohnBPerkins/chat-service/backend/internal/services/conversation.go:281.2,281.57 1 1
github.com/JohnBPerkins/chat-service/backend/internal/services/conversation.go:281.57,283.3 1 1
github.com/JohnBPerkins/chat-service/backend/internal/services/conversation.go:285.2,297.16 5 1
github.com/JohnBPerkins/chat-service/backend/internal/services/conversation.go:297.16,299.3 1 0
github.com/JohnBPerkins/chat-service/backend/internal/services/conversation.go:301.2,301.12 1 1
github.com/JohnBPerkins/chat-service/backend/internal/services/conversation.go:305.126,307.60 1 1
github.com/JohnBPerkins/chat-service/backend/internal/services/conversation.go:307.60,309.3 1 0
github.com/JohnBPerkins/chat-service/backend/internal/services/conversation.go:312.2,314.16 3 1
github.com/JohnBPerkins/chat-service/backend/internal/services/conversation.go:314.16,316.3 1 0
github.com/JohnBPerkins/chat-service/backend/internal/services/conversation.go:318.2,318.16 1 1
github.com/JohnBPerkins/chat-service/backend/internal/services/conversation.go:318.16,320.3 1 1
github.com/JohnBPerkins/chat-service/backend/internal/services/conversation.go:323.2,326.16 4 1
github.com/JohnBPerkins/chat-service/backend/internal/services/conversation.go:326.16,328.3 1 0
github.com/JohnBPerkins/chat-service/backend/internal/services/conversation.go:331.2,332.16 2 1
github.com/JohnBPerkins/chat-service/backend/internal/services/conversation.go:332.16,334.3 1 0
github.com/JohnBPerkins/chat-service/backend/internal/services/conversation.go:337.2,338.16 2 1
github.com/JohnBPerkins/chat-service/backend/internal/services/conversation.go:338.16,340.3 1 0
github.com/JohnBPerkins/chat-service/backend/internal/services/conversation.go:342.2,342.30 1 1
github.com/JohnBPerkins/chat-service/backend/internal/services/conversation.go:342.30,344.3 1 0
github.com/JohnBPerkins/chat-service/backend/internal/services/conversation.go:347.2,347.19 1 1
github.com/JohnBPerkins/chat-service/backend/internal/services/conversation.go:347.19,357.81 3 0
github.com/JohnBPerkins/chat-service/backend/internal/services/conversation.go:357.81,359.4 1 0
github.com/JohnBPerkins/chat-service/backend/internal/services/conversation.go:362.2,362.12 1 1
github.com/JohnBPerkins/chat-service/backend/internal/services/conversation.go:366.106,373.2 5 1
github.com/JohnBPerkins/chat-service/backend/internal/services/conversation.go:375.125,380.16 4 1
github.com/JohnBPerkins/chat-service/backend/internal/services/conversation.go:380.16,381.34 1 1
github.com/JohnBPerkins/chat-service/backend/internal/services/conversation.go:381.34,383.4 1 1
github.com/JohnBPerkins/chat-service/backend/internal/services/conversation.go:384.3,384.64 1 0
github.com/JohnBPerkins/chat-service/backend/internal/services/conversation.go:387.2,387.27 1 1
github.com/JohnBPerkins/chat-service/backend/internal/services/conversation.go:390.115,395.16 4 1
github.com/JohnBPerkins/chat-service/backend/internal/services/conversation.go:395.16,397.3 1 0
github.com/JohnBPerkins/chat-service/backend/internal/services/conversation.go:399.2,399.23 1 1
github.com/JohnBPerkins/chat-service/backend/internal/services/conversation.go:402.101,410.16 3 0
github.com/JohnBPerkins/chat-service/backend/internal/services/conversation.go:410.16,412.3 1 0
github.com/JohnBPerkins/chat-service/backend/internal/services/conversation.go:414.2,414.12 1 0
github.com/JohnBPerkins/chat-service/backend/internal/services/conversation.go:417.108,420.16 2 1
github.com/JohnBPerkins/chat-service/backend/internal/services/conversation.go:420.16,422.3 1 0
github.com/JohnBPerkins/chat-service/backend/internal/services/conversation.go:423.2,423.20 1 1
github.com/JohnBPerkins/chat-service/backend/internal/services/conversation.go:423.20,425.3 1 1
github.com/JohnBPerkins/chat-service/backend/internal/services/conversation.go:428.2,433.16 5 1
github.com/JohnBPerkins/chat-service/backend/internal/services/conversation.go:433.16,435.3 1 0
github.com/JohnBPerkins/chat-service/backend/internal/services/conversation.go:437.2,437.33 1 1
github.com/JohnBPerkins/chat-service/backend/internal/services/conversation.go:437.33,439.3 1 1
github.com/JohnBPerkins/chat-service/backend/internal/services/conversation.go:442.2,444.16 3 1
github.com/JohnBPerkins/chat-service/backend/internal/services/conversation.go:444.16,446.3 1 0
github.com/JohnBPerkins/chat-service/backend/internal/services/conversation.go:449.2,450.16 2 1
github.com/JohnBPerkins/chat-service/backend/internal/services/conversation.go:450.16,452.3 1 0
github.com/JohnBPerkins/chat-service/backend/internal/services/conversation.go:455.2,457.16 3 1
github.com/JohnBPerkins/chat-service/backend/internal/services/conversation.go:457.16,459.3 1 0
github.com/JohnBPerkins/chat-service/backend/internal/services/conversation.go:461.2,461.30 1 1
github.com/JohnBPerkins/chat-service/backend/internal/services/conversation.go:461.30,463.3 1 0
github.com/JohnBPerkins/chat-service/backend/internal/services/conversation.go:465.2,465.12 1 1
github.com/JohnBPerkins/chat-service/backend/internal/services/conversation.go:469.28,471.2 1 1
github.com/JohnBPerkins/chat-service/backend/internal/services/message.go:24.119,30.2 1 1
github.com/JohnBPerkins/chat-service/backend/internal/services/message.go:32.143,35.16 2 1
github.com/JohnBPerkins/chat-service/backend/internal/services/message.go:35.16,37.3 1 1
github.com/JohnBPerkins/chat-service/backend/internal/services/message.go:38.2,39.16 2 1
github.com/JohnBPerkins/chat-service/backend/internal/services/message.go:39.16,41.3 1 1
github.com/JohnBPerkins/chat-service/backend/internal/services/message.go:42.2,43.16 2 1
github.com/JohnBPerkins/chat-service/backend/internal/services/message.go:43.16,45.3 1 0
github.com/JohnBPerkins/chat-service/backend/internal/services/message.go:48.2,49.16 2 1
github.com/JohnBPerkins/chat-service/backend/internal/services/message.go:49.16,51.3 1 1
github.com/JohnBPerkins/chat-service/backend/internal/services/message.go:53.2,69.16 5 1
github.com/JohnBPerkins/chat-service/backend/internal/services/message.go:69.16,71.37 1 1
github.com/JohnBPerkins/chat-service/backend/internal/services/message.go:71.37,80.18 4 1
github.com/JohnBPerkins/chat-service/backend/internal/services/message.go:80.18,82.5 1 0
github.com/JohnBPerkins/chat-service/backend/internal/services/message.go:85.4,95.91 2 1
github.com/JohnBPerkins/chat-service/backend/internal/services/message.go:95.91,97.5 1 1
github.com/JohnBPerkins/chat-service/backend/internal/services/message.go:99.4,99.33 1 1
github.com/JohnBPerkins/chat-service/backend/internal/services/message.go:101.3,101.62 1 0
github.com/JohnBPerkins/chat-service/backend/internal/services/message.go:105.2,115.81 2 1
github.com/JohnBPerkins/chat-service/backend/internal/services/message.go:115.81,117.3 1 1
github.com/JohnBPerkins/chat-service/backend/internal/services/message.go:120.2,120.19 1 1
github.com/JohnBPerkins/chat-service/backend/internal/services/message.go:120.19,131.17 3 0
github.com/JohnBPerkins/chat-service/backend/internal/services/message.go:131.17,134.4 1 0
github.com/JohnBPerkins/chat-service/backend/internal/services/message.go:137.2,137.31 1 1
github.com/JohnBPerkins/chat-service/backend/internal/services/message.go:140.151,143.16 2 1
github.com/JohnBPerkins/chat-service/backend/internal/services/message.go:143.16,145.3 1 1
github.com/JohnBPerkins/chat-service/backend/internal/services/message.go:147.2,150.18 3 1
github.com/JohnBPerkins/chat-service/backend/internal/services/message.go:150.18,153.70 1 0
github.com/JohnBPerkins/chat-service/backend/internal/services/message.go:153.70,158.4 1 0
github.com/JohnBPerkins/chat-service/backend/internal/services/message.go:158.9,160.4 1 0
github.com/JohnBPerkins/chat-service/backend/internal/services/message.go:161.8,163.3 1 1
github.com/JohnBPerkins/chat-service/backend/internal/services/message.go:166.2,166.31 1 1
github.com/JohnBPerkins/chat-service/backend/internal/services/message.go:166.31,168.3 1 1
github.com/JohnBPerkins/chat-service/backend/internal/services/message.go:170.2,175.16 3 1
github.com/JohnBPerkins/chat-service/backend/internal/services/message.go:175.16,177.3 1 0
github.com/JohnBPerkins/chat-service/backend/internal/services/message.go:178.2,181.50 3 1
github.com/JohnBPerkins/chat-service/backend/internal/services/message.go:181.50,183.3 1 0
github.com/JohnBPerkins/chat-service/backend/internal/services/message.go:185.2,186.13 2 1
github.com/JohnBPerkins/chat-service/backend/internal/services/message.go:186.13,188.3 1 1
github.com/JohnBPerkins/chat-service/backend/internal/services/message.go:191.2,192.31 2 1
github.com/JohnBPerkins/chat-service/backend/internal/services/message.go:192.31,203.78 2 1
github.com/JohnBPerkins/chat-service/backend/internal/services/message.go:203.78,205.4 1 1
github.com/JohnBPerkins/chat-service/backend/internal/services/message.go:209.2,210.34 2 1
github.com/JohnBPerkins/chat-service/backend/internal/services/message.go:210.34,212.3 1 1
github.com/JohnBPerkins/chat-service/backend/internal/services/message.go:214.2,218.8 1 1
github.com/JohnBPerkins/chat-service/backend/internal/services/message.go:221.119,224.16 2 1
github.com/JohnBPerkins/chat-service/backend/internal/services/message.go:224.16,226.3 1 1
github.com/JohnBPerkins/chat-service/backend/internal/services/message.go:227.2,228.16 2 1
github.com/JohnBPerkins/chat-service/backend/internal/services/message.go:228.16,230.3 1 1
github.com/JohnBPerkins/chat-service/backend/internal/services/message.go:232.2,239.16 6 1
github.com/JohnBPerkins/chat-service/backend/internal/services/message.go:239.16,241.3 1 0
github.com/JohnBPerkins/chat-service/backend/internal/services/message.go:244.2,244.19 1 1
github.com/JohnBPerkins/chat-service/backend/internal/services/message.go:244.19,253.17 3 0
github.com/JohnBPerkins/chat-service/backend/internal/services/message.go:253.17,255.4 1 0
github.com/JohnBPerkins/chat-service/backend/internal/services/message.go:258.2,258.12 1 1
github.com/JohnBPerkins/chat-service/backend/internal/services/message.go:261.101,264.16 2 1
github.com/JohnBPerkins/chat-service/backend/internal/services/message.go:264.16,266.3 1 1
github.com/JohnBPerkins/chat-service/backend/internal/services/message.go:267.2,268.16 2 1
github.com/JohnBPerkins/chat-service/backend/internal/services/message.go:268.16,270.3 1 1
github.com/JohnBPerkins/chat-service/backend/internal/services/message.go:272.2,272.19 1 1
github.com/JohnBPerkins/chat-service/backend/internal/services/message.go:272.19,274.3 1 1
github.com/JohnBPerkins/chat-service/backend/internal/services/message.go:276.2,282.66 2 0
github.com/JohnBPerkins/chat-service/backend/internal/services/message.go:286.99,289.16 2 1
github.com/JohnBPerkins/chat-service/backend/internal/services/message.go:289.16,291.3 1 1
github.com/JohnBPerkins/chat-service/backend/internal/services/message.go:293.2,298.16 4 1
github.com/JohnBPerkins/chat-service/backend/internal/services/message.go:298.16,299.34 1 1
github.com/JohnBPerkins/chat-service/backend/internal/services/message.go:299.34,301.4 1 1
github.com/JohnBPerkins/chat-service/backend/internal/services/message.go:302.3,302.55 1 0
github.com/JohnBPerkins/chat-service/backend/internal/services/message.go:306.2,306.41 1 1
github.com/JohnBPerkins/chat-service/backend/internal/services/message.go:306.41,308.3 1 1
github.com/JohnBPerkins/chat-service/backend/internal/services/message.go:311.2,312.16 2 1
github.com/JohnBPerkins/chat-service/backend/internal/services/message.go:312.16,314.3 1 0
github.com/JohnBPerkins/chat-service/backend/internal/services/message.go:316.2,316.30 1 1
github.com/JohnBPerkins/chat-service/backend/internal/services/message.go:316.30,318.3 1 0
github.com/JohnBPerkins/chat-service/backend/internal/services/message.go:321.2,321.19 1 1
github.com/JohnBPerkins/chat-service/backend/internal/services/message.go:321.19,329.17 3 0
github.com/JohnBPerkins/chat-service/backend/internal/services/message.go:329.17,332.4 1 0
github.com/JohnBPerkins/chat-service/backend/internal/services/message.go:335.2,335.12 1 1
github.com/JohnBPerkins/chat-service/backend/internal/services/message.go:340.34,342.2 1 1
github.com/JohnBPerkins/chat-service/backend/internal/services/user.go:19.56,21.2 1 1
github.com/JohnBPerkins/chat-service/backend/internal/services/user.go:23.80,26.16 2 1
github.com/JohnBPerkins/chat-service/backend/internal/services/user.go:26.16,28.3 1 1
github.com/JohnBPerkins/chat-service/backend/internal/services/user.go:31.2,32.16 2 1
github.com/JohnBPerkins/chat-service/backend/internal/services/user.go:32.16,34.3 1 1
github.com/JohnBPerkins/chat-service/backend/internal/services/user.go:37.2,38.16 2 1
github.com/JohnBPerkins/chat-service/backend/internal/services/user.go:38.16,40.3 1 1
github.com/JohnBPerkins/chat-service/backend/internal/services/user.go:41.2,51.16 8 1
github.com/JohnBPerkins/chat-service/backend/internal/services/user.go:51.16,53.3 1 0
github.com/JohnBPerkins/chat-service/backend/internal/services/user.go:55.2,55.12 1 1
github.com/JohnBPerkins/chat-service/backend/internal/services/user.go:58.93,61.16 2 1
github.com/JohnBPerkins/chat-service/backend/internal/services/user.go:61.16,63.3 1 1
github.com/JohnBPerkins/chat-service/backend/internal/services/user.go:65.2,71.16 5 1
github.com/JohnBPerkins/chat-service/backend/internal/services/user.go:71.16,72.34 1 1
github.com/JohnBPerkins/chat-service/backend/internal/services/user.go:72.34,74.4 1 1
github.com/JohnBPerkins/chat-service/backend/internal/services/user.go:75.3,75.56 1 0
github.com/JohnBPerkins/chat-service/backend/internal/services/user.go:78.2,78.19 1 1
github.com/JohnBPerkins/chat-service/backend/internal/services/user.go:81.95,84.16 2 1
github.com/JohnBPerkins/chat-service/backend/internal/services/user.go:84.16,86.3 1 1
github.com/JohnBPerkins/chat-service/backend/internal/services/user.go:88.2,94.16 5 1
github.com/JohnBPerkins/chat-service/backend/internal/services/user.go:94.16,95.34 1 1
github.com/JohnBPerkins/chat-service/backend/internal/services/user.go:95.34,97.4 1 1
github.com/JohnBPerkins/chat-service/backend/internal/services/user.go:98.3,98.56 1 0
github.com/JohnBPerkins/chat-service/backend/internal/services/user.go:101.2,101.19 1 1
github.com/JohnBPerkins/chat-service/backend/internal/services/websocket.go:49.99,56.2 1 1
github.com/JohnBPerkins/chat-service/backend/internal/services/websocket.go:58.95,62.16 2 0
github.com/JohnBPerkins/chat-service/backend/internal/services/websocket.go:62.16,65.3 2 0
github.com/JohnBPerkins/chat-service/backend/internal/services/websocket.go:67.2,82.22 7 0
github.com/JohnBPerkins/chat-service/backend/internal/services/websocket.go:85.29,86.15 1 0
github.com/JohnBPerkins/chat-service/backend/internal/services/websocket.go:86.15,89.3 2 0
github.com/JohnBPerkins/chat-service/backend/internal/services/websocket.go:91.2,92.6 2 0
github.com/JohnBPerkins/chat-service/backend/internal/services/websocket.go:92.6,94.17 2 0
github.com/JohnBPerkins/chat-service/backend/internal/services/websocket.go:94.17,96.37 1 0
github.com/JohnBPerkins/chat-service/backend/internal/services/websocket.go:96.37,98.5 1 0
github.com/JohnBPerkins/chat-service/backend/internal/services/websocket.go:99.4,99.9 1 0
github.com/JohnBPerkins/chat-service/backend/internal/services/websocket.go:102.3,103.62 2 0
github.com/JohnBPerkins/chat-service/backend/internal/services/websocket.go:103.62,105.12 2 0
github.com/JohnBPerkins/chat-service/backend/internal/services/websocket.go:108.3,108.24 1 0
github.com/JohnBPerkins/chat-service/backend/internal/services/websocket.go:112.30,117.6 4 0
github.com/JohnBPerkins/chat-service/backend/internal/services/websocket.go:117.6,118.10 1 0
github.com/JohnBPerkins/chat-service/backend/internal/services/websocket.go:119.30,120.11 1 0
github.com/JohnBPerkins/chat-service/backend/internal/services/websocket.go:120.11,123.5 2 0
github.com/JohnBPerkins/chat-service/backend/internal/services/websocket.go:125.4,126.18 2 0
github.com/JohnBPerkins/chat-service/backend/internal/services/websocket.go:126.18,128.13 2 0
github.com/JohnBPerkins/chat-service/backend/internal/services/websocket.go:131.4,131.79 1 0
github.com/JohnBPerkins/chat-service/backend/internal/services/websocket.go:131.79,134.5 2 0
github.com/JohnBPerkins/chat-service/backend/internal/services/websocket.go:136.19,137.43 1 0
github.com/JohnBPerkins/chat-service/backend/internal/services/websocket.go:137.43,139.5 1 0
github.com/JohnBPerkins/chat-service/backend/internal/services/websocket.go:144.53,147.20 2 0
github.com/JohnBPerkins/chat-service/backend/internal/services/websocket.go:148.19,151.17 3 0
github.com/JohnBPerkins/chat-service/backend/internal/services/websocket.go:151.17,154.4 2 0
github.com/JohnBPerkins/chat-service/backend/internal/services/websocket.go:155.3,155.58 1 0
github.com/JohnBPerkins/chat-service/backend/internal/services/websocket.go:155.58,158.4 2 0
github.com/JohnBPerkins/chat-service/backend/internal/services/websocket.go:159.3,159.48 1 0
github.com/JohnBPerkins/chat-service/backend/internal/services/websocket.go:161.21,164.17 3 0
github.com/JohnBPerkins/chat-service/backend/internal/services/websocket.go:164.17,167.4 2 0
github.com/JohnBPerkins/chat-service/backend/internal/services/websocket.go:168.3,168.58 1 0
github.com/JohnBPerkins/chat-service/backend/internal/services/websocket.go:168.58,171.4 2 0
github.com/JohnBPerkins/chat-service/backend/internal/services/websocket.go:172.3,172.50 1 0
github.com/JohnBPerkins/chat-service/backend/internal/services/websocket.go:174.22,177.17 3 0
github.com/JohnBPerkins/chat-service/backend/internal/services/websocket.go:177.17,180.4 2 0
github.com/JohnBPerkins/chat-service/backend/internal/services/websocket.go:181.3,181.58 1 0
github.com/JohnBPerkins/chat-service/backend/internal/services/websocket.go:181.58,184.4 2 0
github.com/JohnBPerkins/chat-service/backend/internal/services/websocket.go:186.3,193.17 3 0
github.com/JohnBPerkins/chat-service/backend/internal/services/websocket.go:193.17,196.4 2 0
github.com/JohnBPerkins/chat-service/backend/internal/services/websocket.go:199.3,204.38 2 0
github.com/JohnBPerkins/chat-service/backend/internal/services/websocket.go:206.23,209.17 3 0
github.com/JohnBPerkins/chat-service/backend/internal/services/websocket.go:209.17,212.4 2 0
github.com/JohnBPerkins/chat-service/backend/internal/services/websocket.go:213.3,213.58 1 0
github.com/JohnBPerkins/chat-service/backend/internal/services/websocket.go:213.58,216.4 2 0
github.com/JohnBPerkins/chat-service/backend/internal/services/websocket.go:218.3,219.17 2 0
github.com/JohnBPerkins/chat-service/backend/internal/services/websocket.go:219.17,221.4 1 0
github.com/JohnBPerkins/chat-service/backend/internal/services/websocket.go:223.22,226.17 3 0
github.com/JohnBPerkins/chat-service/backend/internal/services/websocket.go:226.17,229.4 2 0
github.com/JohnBPerkins/chat-service/backend/internal/services/websocket.go:230.3,230.58 1 0
github.com/JohnBPerkins/chat-service/backend/internal/services/websocket.go:230.58,233.4 2 0
github.com/JohnBPerkins/chat-service/backend/internal/services/websocket.go:235.3,236.17 2 0
github.com/JohnBPerkins/chat-service/backend/internal/services/websocket.go:236.17,238.4 1 0
github.com/JohnBPerkins/chat-service/backend/internal/services/websocket.go:242.64,249.9 2 1
github.com/JohnBPerkins/chat-service/backend/internal/services/websocket.go:250.23,250.23 0 1
github.com/JohnBPerkins/chat-service/backend/internal/services/websocket.go:251.10,253.16 2 0
github.com/JohnBPerkins/chat-service/backend/internal/services/websocket.go:257.50,263.2 2 1
github.com/JohnBPerkins/chat-service/backend/internal/services/websocket.go:265.57,273.43 6 0
github.com/JohnBPerkins/chat-service/backend/internal/services/websocket.go:273.43,275.3 1 0
github.com/JohnBPerkins/chat-service/backend/internal/services/websocket.go:276.2,278.39 2 0
github.com/JohnBPerkins/chat-service/backend/internal/services/websocket.go:278.39,280.3 1 0
github.com/JohnBPerkins/chat-service/backend/internal/services/websocket.go:282.2,282.20 1 0
github.com/JohnBPerkins/chat-service/backend/internal/services/websocket.go:285.79,290.13 4 0
github.com/JohnBPerkins/chat-service/backend/internal/services/websocket.go:290.13,299.3 3 0
github.com/JohnBPerkins/chat-service/backend/internal/services/websocket.go:301.2,307.33 6 0
github.com/JohnBPerkins/chat-service/backend/internal/services/websocket.go:310.81,315.13 4 0
github.com/JohnBPerkins/chat-service/backend/internal/services/websocket.go:315.13,317.3 1 0
github.com/JohnBPerkins/chat-service/backend/internal/services/websocket.go:319.2,329.22 8 0
github.com/JohnBPerkins/chat-service/backend/internal/services/websocket.go:329.22,330.25 1 0
github.com/JohnBPerkins/chat-service/backend/internal/services/websocket.go:330.25,332.4 1 0
github.com/JohnBPerkins/chat-service/backend/internal/services/websocket.go:333.3,333.27 1 0
github.com/JohnBPerkins/chat-service/backend/internal/services/websocket.go:333.27,335.4 1 0
github.com/JohnBPerkins/chat-service/backend/internal/services/websocket.go:336.3,336.29 1 0
github.com/JohnBPerkins/chat-service/backend/internal/services/websocket.go:336.29,338.4 1 0
github.com/JohnBPerkins/chat-service/backend/internal/services/websocket.go:339.3,339.32 1 0
github.com/JohnBPerkins/chat-service/backend/internal/services/websocket.go:339.32,341.4 1 0
github.com/JohnBPerkins/chat-service/backend/internal/services/websocket.go:342.3,342.33 1 0
github.com/JohnBPerkins/chat-service/backend/internal/services/websocket.go:342.33,344.4 1 0
github.com/JohnBPerkins/chat-service/backend/internal/services/websocket.go:345.3,345.42 1 0
github.com/JohnBPerkins/chat-service/backend/internal/services/websocket.go:349.78,352.82 2 0
github.com/JohnBPerkins/chat-service/backend/internal/services/websocket.go:352.82,355.97 2 0
github.com/JohnBPerkins/chat-service/backend/internal/services/websocket.go:355.97,363.4 3 0
github.com/JohnBPerkins/chat-service/backend/internal/services/websocket.go:366.3,367.64 2 0
github.com/JohnBPerkins/chat-service/backend/internal/services/websocket.go:367.64,370.4 2 0
github.com/JohnBPerkins/chat-service/backend/internal/services/websocket.go:372.3,378.40 2 0
github.com/JohnBPerkins/chat-service/backend/internal/services/websocket.go:380.2,380.16 1 0
github.com/JohnBPerkins/chat-service/backend/internal/services/websocket.go:380.16,382.3 1 0
github.com/JohnBPerkins/chat-service/backend/internal/services/websocket.go:383.2,387.83 3 0
github.com/JohnBPerkins/chat-service/backend/internal/services/websocket.go:387.83,389.63 2 0
github.com/JohnBPerkins/chat-service/backend/internal/services/websocket.go:389.63,392.4 2 0
github.com/JohnBPerkins/chat-service/backend/internal/services/websocket.go:394.3,400.40 2 0
github.com/JohnBPerkins/chat-service/backend/internal/services/websocket.go:402.2,402.16 1 0
github.com/JohnBPerkins/chat-service/backend/internal/services/websocket.go:402.16,404.3 1 0
github.com/JohnBPerkins/chat-service/backend/internal/services/websocket.go:405.2,409.87 3 0
github.com/JohnBPerkins/chat-service/backend/internal/services/websocket.go:409.87,411.64 2 0
github.com/JohnBPerkins/chat-service/backend/internal/services/websocket.go:411.64,414.4 2 0
github.com/JohnBPerkins/chat-service/backend/internal/services/websocket.go:416.3,422.40 2 0
github.com/JohnBPerkins/chat-service/backend/internal/services/websocket.go:424.2,424.16 1 0
github.com/JohnBPerkins/chat-service/backend/internal/services/websocket.go:424.16,426.3 1 0
github.com/JohnBPerkins/chat-service/backend/internal/services/websocket.go:427.2,431.93 3 0
github.com/JohnBPerkins/chat-service/backend/internal/services/websocket.go:431.93,433.68 2 0
github.com/JohnBPerkins/chat-service/backend/internal/services/websocket.go:433.68,436.4 2 0
github.com/JohnBPerkins/chat-service/backend/internal/services/websocket.go:438.3,444.40 2 0
github.com/JohnBPerkins/chat-service/backend/internal/services/websocket.go:446.2,446.16 1 0
github.com/JohnBPerkins/chat-service/backend/internal/services/websocket.go:446.16,448.3 1 0
github.com/JohnBPerkins/chat-service/backend/internal/services/websocket.go:449.2,453.107 3 0
github.com/JohnBPerkins/chat-service/backend/internal/services/websocket.go:453.107,455.69 2 0
github.com/JohnBPerkins/chat-service/backend/internal/services/websocket.go:455.69,458.4 2 0
github.com/JohnBPerkins/chat-service/backend/internal/services/websocket.go:460.3,466.40 2 0
github.com/JohnBPerkins/chat-service/backend/internal/services/websocket.go:468.2,468.16 1 0
github.com/JohnBPerkins/chat-service/backend/internal/services/websocket.go:468.16,470.3 1 0
github.com/JohnBPerkins/chat-service/backend/internal/services/websocket.go:471.2,471.45 1 0
github.com/JohnBPerkins/chat-service/backend/internal/services/websocket.go:474.102,478.37 3 0
github.com/JohnBPerkins/chat-service/backend/internal/services/websocket.go:478.37,479.10 1 0
github.com/JohnBPerkins/chat-service/backend/internal/services/websocket.go:480.29,480.29 0 0
github.com/JohnBPerkins/chat-service/backend/internal/services/websocket.go:481.11,484.34 3 0
github.com/JohnBPerkins/chat-service/backend/internal/services/websocket.go:490.46,494.2 3 0
github.com/JohnBPerkins/chat-service/backend/internal/services/websocket.go:497.46,503.2 2 1
